// Jest Snapshot v1, https://goo.gl/fbAQLP

exports[`App component should render correctly in mode 1`] = `ShallowWrapper {}`;
